2025-07-28 01:46:37 GMT [1]: [3-1] user=,db=,app=,client= LOG:  starting PostgreSQL 16.9 on x86_64-pc-linux-musl, compiled by gcc (Alpine 14.2.0) 14.2.0, 64-bit
2025-07-28 01:46:37 GMT [1]: [4-1] user=,db=,app=,client= LOG:  listening on IPv4 address "0.0.0.0", port 5432
2025-07-28 01:46:37 GMT [1]: [5-1] user=,db=,app=,client= LOG:  listening on IPv6 address "::", port 5432
2025-07-28 01:46:37 GMT [1]: [6-1] user=,db=,app=,client= LOG:  listening on Unix socket "/var/run/postgresql/.s.PGSQL.5432"
2025-07-28 01:46:37 GMT [97]: [1-1] user=,db=,app=,client= LOG:  database system was shut down at 2025-07-28 01:46:35 GMT
2025-07-28 01:46:37 GMT [1]: [7-1] user=,db=,app=,client= LOG:  database system is ready to accept connections
2025-07-28 01:46:50 GMT [107]: [1-1] user=[unknown],db=[unknown],app=[unknown],client=[local] LOG:  connection received: host=[local]
2025-07-28 01:46:50 GMT [107]: [2-1] user=postgres,db=ecommerce_prod,app=[unknown],client=[local] LOG:  connection authorized: user=postgres database=ecommerce_prod application_name=pg_isready
2025-07-28 01:46:50 GMT [107]: [3-1] user=postgres,db=ecommerce_prod,app=pg_isready,client=[local] LOG:  disconnection: session time: 0:00:00.231 user=postgres database=ecommerce_prod host=[local]
2025-07-28 01:46:52 GMT [108]: [1-1] user=[unknown],db=[unknown],app=[unknown],client=172.20.0.3 LOG:  connection received: host=172.20.0.3 port=37072
2025-07-28 01:46:52 GMT [108]: [2-1] user=postgres,db=ecommerce_prod,app=[unknown],client=172.20.0.3 LOG:  connection authenticated: identity="postgres" method=scram-sha-256 (/var/lib/postgresql/data/pg_hba.conf:128)
2025-07-28 01:46:52 GMT [108]: [3-1] user=postgres,db=ecommerce_prod,app=[unknown],client=172.20.0.3 LOG:  connection authorized: user=postgres database=ecommerce_prod
2025-07-28 01:47:20 GMT [116]: [1-1] user=[unknown],db=[unknown],app=[unknown],client=[local] LOG:  connection received: host=[local]
2025-07-28 01:47:20 GMT [116]: [2-1] user=postgres,db=ecommerce_prod,app=[unknown],client=[local] LOG:  connection authorized: user=postgres database=ecommerce_prod application_name=pg_isready
2025-07-28 01:47:20 GMT [116]: [3-1] user=postgres,db=ecommerce_prod,app=pg_isready,client=[local] LOG:  disconnection: session time: 0:00:00.105 user=postgres database=ecommerce_prod host=[local]
2025-07-28 01:47:51 GMT [126]: [1-1] user=[unknown],db=[unknown],app=[unknown],client=[local] LOG:  connection received: host=[local]
2025-07-28 01:47:51 GMT [126]: [2-1] user=postgres,db=ecommerce_prod,app=[unknown],client=[local] LOG:  connection authorized: user=postgres database=ecommerce_prod application_name=pg_isready
2025-07-28 01:47:51 GMT [126]: [3-1] user=postgres,db=ecommerce_prod,app=pg_isready,client=[local] LOG:  disconnection: session time: 0:00:00.056 user=postgres database=ecommerce_prod host=[local]
2025-07-28 01:48:04 GMT [127]: [1-1] user=[unknown],db=[unknown],app=[unknown],client=172.20.0.3 LOG:  connection received: host=172.20.0.3 port=53880
2025-07-28 01:48:04 GMT [128]: [1-1] user=[unknown],db=[unknown],app=[unknown],client=172.20.0.3 LOG:  connection received: host=172.20.0.3 port=53884
2025-07-28 01:48:04 GMT [129]: [1-1] user=[unknown],db=[unknown],app=[unknown],client=172.20.0.3 LOG:  connection received: host=172.20.0.3 port=53900
2025-07-28 01:48:04 GMT [128]: [2-1] user=postgres,db=ecommerce_prod,app=[unknown],client=172.20.0.3 LOG:  connection authenticated: identity="postgres" method=scram-sha-256 (/var/lib/postgresql/data/pg_hba.conf:128)
2025-07-28 01:48:04 GMT [128]: [3-1] user=postgres,db=ecommerce_prod,app=[unknown],client=172.20.0.3 LOG:  connection authorized: user=postgres database=ecommerce_prod
2025-07-28 01:48:04 GMT [127]: [2-1] user=postgres,db=ecommerce_prod,app=[unknown],client=172.20.0.3 LOG:  connection authenticated: identity="postgres" method=scram-sha-256 (/var/lib/postgresql/data/pg_hba.conf:128)
2025-07-28 01:48:04 GMT [127]: [3-1] user=postgres,db=ecommerce_prod,app=[unknown],client=172.20.0.3 LOG:  connection authorized: user=postgres database=ecommerce_prod
2025-07-28 01:48:04 GMT [129]: [2-1] user=postgres,db=ecommerce_prod,app=[unknown],client=172.20.0.3 LOG:  connection authenticated: identity="postgres" method=scram-sha-256 (/var/lib/postgresql/data/pg_hba.conf:128)
2025-07-28 01:48:04 GMT [129]: [3-1] user=postgres,db=ecommerce_prod,app=[unknown],client=172.20.0.3 LOG:  connection authorized: user=postgres database=ecommerce_prod
2025-07-28 01:48:04 GMT [129]: [4-1] user=postgres,db=ecommerce_prod,app=[unknown],client=172.20.0.3 LOG:  disconnection: session time: 0:00:00.267 user=postgres database=ecommerce_prod host=172.20.0.3 port=53900
2025-07-28 01:48:04 GMT [128]: [4-1] user=postgres,db=ecommerce_prod,app=[unknown],client=172.20.0.3 LOG:  disconnection: session time: 0:00:00.271 user=postgres database=ecommerce_prod host=172.20.0.3 port=53884
2025-07-28 01:48:04 GMT [130]: [1-1] user=[unknown],db=[unknown],app=[unknown],client=172.20.0.3 LOG:  connection received: host=172.20.0.3 port=53910
2025-07-28 01:48:04 GMT [130]: [2-1] user=postgres,db=ecommerce_prod,app=[unknown],client=172.20.0.3 LOG:  connection authenticated: identity="postgres" method=scram-sha-256 (/var/lib/postgresql/data/pg_hba.conf:128)
2025-07-28 01:48:04 GMT [130]: [3-1] user=postgres,db=ecommerce_prod,app=[unknown],client=172.20.0.3 LOG:  connection authorized: user=postgres database=ecommerce_prod
2025-07-28 01:48:05 GMT [130]: [4-1] user=postgres,db=ecommerce_prod,app=[unknown],client=172.20.0.3 LOG:  disconnection: session time: 0:00:00.177 user=postgres database=ecommerce_prod host=172.20.0.3 port=53910
2025-07-28 01:48:19 GMT [132]: [1-1] user=[unknown],db=[unknown],app=[unknown],client=172.20.0.3 LOG:  connection received: host=172.20.0.3 port=33770
2025-07-28 01:48:19 GMT [132]: [2-1] user=postgres,db=ecommerce_prod,app=[unknown],client=172.20.0.3 LOG:  connection authenticated: identity="postgres" method=scram-sha-256 (/var/lib/postgresql/data/pg_hba.conf:128)
2025-07-28 01:48:19 GMT [132]: [3-1] user=postgres,db=ecommerce_prod,app=[unknown],client=172.20.0.3 LOG:  connection authorized: user=postgres database=ecommerce_prod
2025-07-28 01:48:19 GMT [132]: [4-1] user=postgres,db=ecommerce_prod,app=[unknown],client=172.20.0.3 LOG:  disconnection: session time: 0:00:00.249 user=postgres database=ecommerce_prod host=172.20.0.3 port=33770
2025-07-28 01:48:21 GMT [139]: [1-1] user=[unknown],db=[unknown],app=[unknown],client=[local] LOG:  connection received: host=[local]
2025-07-28 01:48:21 GMT [139]: [2-1] user=postgres,db=ecommerce_prod,app=[unknown],client=[local] LOG:  connection authorized: user=postgres database=ecommerce_prod application_name=pg_isready
2025-07-28 01:48:21 GMT [139]: [3-1] user=postgres,db=ecommerce_prod,app=pg_isready,client=[local] LOG:  disconnection: session time: 0:00:00.080 user=postgres database=ecommerce_prod host=[local]
2025-07-28 01:48:51 GMT [148]: [1-1] user=[unknown],db=[unknown],app=[unknown],client=[local] LOG:  connection received: host=[local]
2025-07-28 01:48:51 GMT [148]: [2-1] user=postgres,db=ecommerce_prod,app=[unknown],client=[local] LOG:  connection authorized: user=postgres database=ecommerce_prod application_name=pg_isready
2025-07-28 01:48:51 GMT [148]: [3-1] user=postgres,db=ecommerce_prod,app=pg_isready,client=[local] LOG:  disconnection: session time: 0:00:00.050 user=postgres database=ecommerce_prod host=[local]
2025-07-28 01:49:21 GMT [157]: [1-1] user=[unknown],db=[unknown],app=[unknown],client=[local] LOG:  connection received: host=[local]
2025-07-28 01:49:21 GMT [157]: [2-1] user=postgres,db=ecommerce_prod,app=[unknown],client=[local] LOG:  connection authorized: user=postgres database=ecommerce_prod application_name=pg_isready
2025-07-28 01:49:21 GMT [157]: [3-1] user=postgres,db=ecommerce_prod,app=pg_isready,client=[local] LOG:  disconnection: session time: 0:00:00.074 user=postgres database=ecommerce_prod host=[local]
2025-07-28 01:49:51 GMT [166]: [1-1] user=[unknown],db=[unknown],app=[unknown],client=[local] LOG:  connection received: host=[local]
2025-07-28 01:49:51 GMT [166]: [2-1] user=postgres,db=ecommerce_prod,app=[unknown],client=[local] LOG:  connection authorized: user=postgres database=ecommerce_prod application_name=pg_isready
2025-07-28 01:49:51 GMT [166]: [3-1] user=postgres,db=ecommerce_prod,app=pg_isready,client=[local] LOG:  disconnection: session time: 0:00:00.052 user=postgres database=ecommerce_prod host=[local]
2025-07-28 01:50:21 GMT [174]: [1-1] user=[unknown],db=[unknown],app=[unknown],client=[local] LOG:  connection received: host=[local]
2025-07-28 01:50:21 GMT [174]: [2-1] user=postgres,db=ecommerce_prod,app=[unknown],client=[local] LOG:  connection authorized: user=postgres database=ecommerce_prod application_name=pg_isready
2025-07-28 01:50:21 GMT [174]: [3-1] user=postgres,db=ecommerce_prod,app=pg_isready,client=[local] LOG:  disconnection: session time: 0:00:00.150 user=postgres database=ecommerce_prod host=[local]
2025-07-28 01:50:51 GMT [183]: [1-1] user=[unknown],db=[unknown],app=[unknown],client=[local] LOG:  connection received: host=[local]
2025-07-28 01:50:52 GMT [183]: [2-1] user=postgres,db=ecommerce_prod,app=[unknown],client=[local] LOG:  connection authorized: user=postgres database=ecommerce_prod application_name=pg_isready
2025-07-28 01:50:52 GMT [183]: [3-1] user=postgres,db=ecommerce_prod,app=pg_isready,client=[local] LOG:  disconnection: session time: 0:00:00.056 user=postgres database=ecommerce_prod host=[local]
2025-07-28 01:51:22 GMT [191]: [1-1] user=[unknown],db=[unknown],app=[unknown],client=[local] LOG:  connection received: host=[local]
2025-07-28 01:51:22 GMT [191]: [2-1] user=postgres,db=ecommerce_prod,app=[unknown],client=[local] LOG:  connection authorized: user=postgres database=ecommerce_prod application_name=pg_isready
2025-07-28 01:51:22 GMT [191]: [3-1] user=postgres,db=ecommerce_prod,app=pg_isready,client=[local] LOG:  disconnection: session time: 0:00:00.075 user=postgres database=ecommerce_prod host=[local]
2025-07-28 01:51:37 GMT [95]: [1-1] user=,db=,app=,client= LOG:  checkpoint starting: time
2025-07-28 01:51:52 GMT [200]: [1-1] user=[unknown],db=[unknown],app=[unknown],client=[local] LOG:  connection received: host=[local]
2025-07-28 01:51:52 GMT [200]: [2-1] user=postgres,db=ecommerce_prod,app=[unknown],client=[local] LOG:  connection authorized: user=postgres database=ecommerce_prod application_name=pg_isready
2025-07-28 01:51:52 GMT [200]: [3-1] user=postgres,db=ecommerce_prod,app=pg_isready,client=[local] LOG:  disconnection: session time: 0:00:00.053 user=postgres database=ecommerce_prod host=[local]
2025-07-28 01:51:53 GMT [95]: [2-1] user=,db=,app=,client= LOG:  checkpoint complete: wrote 151 buffers (0.5%); 0 WAL file(s) added, 0 removed, 0 recycled; write=15.181 s, sync=0.164 s, total=15.440 s; sync files=106, longest=0.020 s, average=0.002 s; distance=658 kB, estimate=658 kB; lsn=0/19C3308, redo lsn=0/19C32D0
2025-07-28 01:52:22 GMT [209]: [1-1] user=[unknown],db=[unknown],app=[unknown],client=[local] LOG:  connection received: host=[local]
2025-07-28 01:52:22 GMT [209]: [2-1] user=postgres,db=ecommerce_prod,app=[unknown],client=[local] LOG:  connection authorized: user=postgres database=ecommerce_prod application_name=pg_isready
2025-07-28 01:52:22 GMT [209]: [3-1] user=postgres,db=ecommerce_prod,app=pg_isready,client=[local] LOG:  disconnection: session time: 0:00:00.095 user=postgres database=ecommerce_prod host=[local]
2025-07-28 01:52:52 GMT [218]: [1-1] user=[unknown],db=[unknown],app=[unknown],client=[local] LOG:  connection received: host=[local]
2025-07-28 01:52:52 GMT [218]: [2-1] user=postgres,db=ecommerce_prod,app=[unknown],client=[local] LOG:  connection authorized: user=postgres database=ecommerce_prod application_name=pg_isready
2025-07-28 01:52:52 GMT [218]: [3-1] user=postgres,db=ecommerce_prod,app=pg_isready,client=[local] LOG:  disconnection: session time: 0:00:00.060 user=postgres database=ecommerce_prod host=[local]
2025-07-28 01:53:22 GMT [226]: [1-1] user=[unknown],db=[unknown],app=[unknown],client=[local] LOG:  connection received: host=[local]
2025-07-28 01:53:22 GMT [226]: [2-1] user=postgres,db=ecommerce_prod,app=[unknown],client=[local] LOG:  connection authorized: user=postgres database=ecommerce_prod application_name=pg_isready
2025-07-28 01:53:22 GMT [226]: [3-1] user=postgres,db=ecommerce_prod,app=pg_isready,client=[local] LOG:  disconnection: session time: 0:00:00.062 user=postgres database=ecommerce_prod host=[local]
2025-07-28 01:53:52 GMT [235]: [1-1] user=[unknown],db=[unknown],app=[unknown],client=[local] LOG:  connection received: host=[local]
2025-07-28 01:53:52 GMT [235]: [2-1] user=postgres,db=ecommerce_prod,app=[unknown],client=[local] LOG:  connection authorized: user=postgres database=ecommerce_prod application_name=pg_isready
2025-07-28 01:53:53 GMT [235]: [3-1] user=postgres,db=ecommerce_prod,app=pg_isready,client=[local] LOG:  disconnection: session time: 0:00:00.168 user=postgres database=ecommerce_prod host=[local]
2025-07-28 01:54:23 GMT [243]: [1-1] user=[unknown],db=[unknown],app=[unknown],client=[local] LOG:  connection received: host=[local]
2025-07-28 01:54:23 GMT [243]: [2-1] user=postgres,db=ecommerce_prod,app=[unknown],client=[local] LOG:  connection authorized: user=postgres database=ecommerce_prod application_name=pg_isready
2025-07-28 01:54:23 GMT [243]: [3-1] user=postgres,db=ecommerce_prod,app=pg_isready,client=[local] LOG:  disconnection: session time: 0:00:00.050 user=postgres database=ecommerce_prod host=[local]
2025-07-28 01:54:53 GMT [252]: [1-1] user=[unknown],db=[unknown],app=[unknown],client=[local] LOG:  connection received: host=[local]
2025-07-28 01:54:53 GMT [252]: [2-1] user=postgres,db=ecommerce_prod,app=[unknown],client=[local] LOG:  connection authorized: user=postgres database=ecommerce_prod application_name=pg_isready
2025-07-28 01:54:53 GMT [252]: [3-1] user=postgres,db=ecommerce_prod,app=pg_isready,client=[local] LOG:  disconnection: session time: 0:00:00.079 user=postgres database=ecommerce_prod host=[local]
2025-07-28 01:55:23 GMT [260]: [1-1] user=[unknown],db=[unknown],app=[unknown],client=[local] LOG:  connection received: host=[local]
2025-07-28 01:55:23 GMT [260]: [2-1] user=postgres,db=ecommerce_prod,app=[unknown],client=[local] LOG:  connection authorized: user=postgres database=ecommerce_prod application_name=pg_isready
2025-07-28 01:55:23 GMT [260]: [3-1] user=postgres,db=ecommerce_prod,app=pg_isready,client=[local] LOG:  disconnection: session time: 0:00:00.050 user=postgres database=ecommerce_prod host=[local]
2025-07-28 01:55:53 GMT [269]: [1-1] user=[unknown],db=[unknown],app=[unknown],client=[local] LOG:  connection received: host=[local]
2025-07-28 01:55:53 GMT [269]: [2-1] user=postgres,db=ecommerce_prod,app=[unknown],client=[local] LOG:  connection authorized: user=postgres database=ecommerce_prod application_name=pg_isready
2025-07-28 01:55:53 GMT [269]: [3-1] user=postgres,db=ecommerce_prod,app=pg_isready,client=[local] LOG:  disconnection: session time: 0:00:00.110 user=postgres database=ecommerce_prod host=[local]
2025-07-28 01:56:23 GMT [277]: [1-1] user=[unknown],db=[unknown],app=[unknown],client=[local] LOG:  connection received: host=[local]
2025-07-28 01:56:23 GMT [277]: [2-1] user=postgres,db=ecommerce_prod,app=[unknown],client=[local] LOG:  connection authorized: user=postgres database=ecommerce_prod application_name=pg_isready
2025-07-28 01:56:23 GMT [277]: [3-1] user=postgres,db=ecommerce_prod,app=pg_isready,client=[local] LOG:  disconnection: session time: 0:00:00.053 user=postgres database=ecommerce_prod host=[local]
2025-07-28 01:56:53 GMT [286]: [1-1] user=[unknown],db=[unknown],app=[unknown],client=[local] LOG:  connection received: host=[local]
2025-07-28 01:56:53 GMT [286]: [2-1] user=postgres,db=ecommerce_prod,app=[unknown],client=[local] LOG:  connection authorized: user=postgres database=ecommerce_prod application_name=pg_isready
2025-07-28 01:56:53 GMT [286]: [3-1] user=postgres,db=ecommerce_prod,app=pg_isready,client=[local] LOG:  disconnection: session time: 0:00:00.057 user=postgres database=ecommerce_prod host=[local]
2025-07-28 01:57:23 GMT [294]: [1-1] user=[unknown],db=[unknown],app=[unknown],client=[local] LOG:  connection received: host=[local]
2025-07-28 01:57:23 GMT [294]: [2-1] user=postgres,db=ecommerce_prod,app=[unknown],client=[local] LOG:  connection authorized: user=postgres database=ecommerce_prod application_name=pg_isready
2025-07-28 01:57:24 GMT [294]: [3-1] user=postgres,db=ecommerce_prod,app=pg_isready,client=[local] LOG:  disconnection: session time: 0:00:00.052 user=postgres database=ecommerce_prod host=[local]
2025-07-28 01:57:54 GMT [303]: [1-1] user=[unknown],db=[unknown],app=[unknown],client=[local] LOG:  connection received: host=[local]
2025-07-28 01:57:54 GMT [303]: [2-1] user=postgres,db=ecommerce_prod,app=[unknown],client=[local] LOG:  connection authorized: user=postgres database=ecommerce_prod application_name=pg_isready
2025-07-28 01:57:54 GMT [303]: [3-1] user=postgres,db=ecommerce_prod,app=pg_isready,client=[local] LOG:  disconnection: session time: 0:00:00.108 user=postgres database=ecommerce_prod host=[local]
2025-07-28 01:58:24 GMT [312]: [1-1] user=[unknown],db=[unknown],app=[unknown],client=[local] LOG:  connection received: host=[local]
2025-07-28 01:58:24 GMT [312]: [2-1] user=postgres,db=ecommerce_prod,app=[unknown],client=[local] LOG:  connection authorized: user=postgres database=ecommerce_prod application_name=pg_isready
2025-07-28 01:58:24 GMT [312]: [3-1] user=postgres,db=ecommerce_prod,app=pg_isready,client=[local] LOG:  disconnection: session time: 0:00:00.043 user=postgres database=ecommerce_prod host=[local]
2025-07-28 01:58:54 GMT [321]: [1-1] user=[unknown],db=[unknown],app=[unknown],client=[local] LOG:  connection received: host=[local]
2025-07-28 01:58:54 GMT [321]: [2-1] user=postgres,db=ecommerce_prod,app=[unknown],client=[local] LOG:  connection authorized: user=postgres database=ecommerce_prod application_name=pg_isready
2025-07-28 01:58:54 GMT [321]: [3-1] user=postgres,db=ecommerce_prod,app=pg_isready,client=[local] LOG:  disconnection: session time: 0:00:00.047 user=postgres database=ecommerce_prod host=[local]
2025-07-28 01:59:24 GMT [329]: [1-1] user=[unknown],db=[unknown],app=[unknown],client=[local] LOG:  connection received: host=[local]
2025-07-28 01:59:24 GMT [329]: [2-1] user=postgres,db=ecommerce_prod,app=[unknown],client=[local] LOG:  connection authorized: user=postgres database=ecommerce_prod application_name=pg_isready
2025-07-28 01:59:24 GMT [329]: [3-1] user=postgres,db=ecommerce_prod,app=pg_isready,client=[local] LOG:  disconnection: session time: 0:00:00.053 user=postgres database=ecommerce_prod host=[local]
2025-07-28 01:59:54 GMT [339]: [1-1] user=[unknown],db=[unknown],app=[unknown],client=[local] LOG:  connection received: host=[local]
2025-07-28 01:59:54 GMT [339]: [2-1] user=postgres,db=ecommerce_prod,app=[unknown],client=[local] LOG:  connection authorized: user=postgres database=ecommerce_prod application_name=pg_isready
2025-07-28 01:59:54 GMT [339]: [3-1] user=postgres,db=ecommerce_prod,app=pg_isready,client=[local] LOG:  disconnection: session time: 0:00:00.107 user=postgres database=ecommerce_prod host=[local]
2025-07-28 02:00:24 GMT [348]: [1-1] user=[unknown],db=[unknown],app=[unknown],client=[local] LOG:  connection received: host=[local]
2025-07-28 02:00:24 GMT [348]: [2-1] user=postgres,db=ecommerce_prod,app=[unknown],client=[local] LOG:  connection authorized: user=postgres database=ecommerce_prod application_name=pg_isready
2025-07-28 02:00:24 GMT [348]: [3-1] user=postgres,db=ecommerce_prod,app=pg_isready,client=[local] LOG:  disconnection: session time: 0:00:00.081 user=postgres database=ecommerce_prod host=[local]
2025-07-28 02:00:54 GMT [357]: [1-1] user=[unknown],db=[unknown],app=[unknown],client=[local] LOG:  connection received: host=[local]
2025-07-28 02:00:54 GMT [357]: [2-1] user=postgres,db=ecommerce_prod,app=[unknown],client=[local] LOG:  connection authorized: user=postgres database=ecommerce_prod application_name=pg_isready
2025-07-28 02:00:55 GMT [357]: [3-1] user=postgres,db=ecommerce_prod,app=pg_isready,client=[local] LOG:  disconnection: session time: 0:00:00.052 user=postgres database=ecommerce_prod host=[local]
2025-07-28 02:01:25 GMT [365]: [1-1] user=[unknown],db=[unknown],app=[unknown],client=[local] LOG:  connection received: host=[local]
2025-07-28 02:01:25 GMT [365]: [2-1] user=postgres,db=ecommerce_prod,app=[unknown],client=[local] LOG:  connection authorized: user=postgres database=ecommerce_prod application_name=pg_isready
2025-07-28 02:01:25 GMT [365]: [3-1] user=postgres,db=ecommerce_prod,app=pg_isready,client=[local] LOG:  disconnection: session time: 0:00:00.040 user=postgres database=ecommerce_prod host=[local]
2025-07-28 02:01:55 GMT [374]: [1-1] user=[unknown],db=[unknown],app=[unknown],client=[local] LOG:  connection received: host=[local]
2025-07-28 02:01:55 GMT [374]: [2-1] user=postgres,db=ecommerce_prod,app=[unknown],client=[local] LOG:  connection authorized: user=postgres database=ecommerce_prod application_name=pg_isready
2025-07-28 02:01:55 GMT [374]: [3-1] user=postgres,db=ecommerce_prod,app=pg_isready,client=[local] LOG:  disconnection: session time: 0:00:00.044 user=postgres database=ecommerce_prod host=[local]
2025-07-28 02:02:25 GMT [382]: [1-1] user=[unknown],db=[unknown],app=[unknown],client=[local] LOG:  connection received: host=[local]
2025-07-28 02:02:25 GMT [382]: [2-1] user=postgres,db=ecommerce_prod,app=[unknown],client=[local] LOG:  connection authorized: user=postgres database=ecommerce_prod application_name=pg_isready
2025-07-28 02:02:25 GMT [382]: [3-1] user=postgres,db=ecommerce_prod,app=pg_isready,client=[local] LOG:  disconnection: session time: 0:00:00.041 user=postgres database=ecommerce_prod host=[local]
2025-07-28 02:02:55 GMT [391]: [1-1] user=[unknown],db=[unknown],app=[unknown],client=[local] LOG:  connection received: host=[local]
2025-07-28 02:02:55 GMT [391]: [2-1] user=postgres,db=ecommerce_prod,app=[unknown],client=[local] LOG:  connection authorized: user=postgres database=ecommerce_prod application_name=pg_isready
2025-07-28 02:02:55 GMT [391]: [3-1] user=postgres,db=ecommerce_prod,app=pg_isready,client=[local] LOG:  disconnection: session time: 0:00:00.048 user=postgres database=ecommerce_prod host=[local]
2025-07-28 02:03:25 GMT [399]: [1-1] user=[unknown],db=[unknown],app=[unknown],client=[local] LOG:  connection received: host=[local]
2025-07-28 02:03:25 GMT [399]: [2-1] user=postgres,db=ecommerce_prod,app=[unknown],client=[local] LOG:  connection authorized: user=postgres database=ecommerce_prod application_name=pg_isready
2025-07-28 02:03:25 GMT [399]: [3-1] user=postgres,db=ecommerce_prod,app=pg_isready,client=[local] LOG:  disconnection: session time: 0:00:00.045 user=postgres database=ecommerce_prod host=[local]
2025-07-28 02:03:55 GMT [408]: [1-1] user=[unknown],db=[unknown],app=[unknown],client=[local] LOG:  connection received: host=[local]
2025-07-28 02:03:55 GMT [408]: [2-1] user=postgres,db=ecommerce_prod,app=[unknown],client=[local] LOG:  connection authorized: user=postgres database=ecommerce_prod application_name=pg_isready
2025-07-28 02:03:55 GMT [408]: [3-1] user=postgres,db=ecommerce_prod,app=pg_isready,client=[local] LOG:  disconnection: session time: 0:00:00.049 user=postgres database=ecommerce_prod host=[local]
2025-07-28 02:04:25 GMT [416]: [1-1] user=[unknown],db=[unknown],app=[unknown],client=[local] LOG:  connection received: host=[local]
2025-07-28 02:04:25 GMT [416]: [2-1] user=postgres,db=ecommerce_prod,app=[unknown],client=[local] LOG:  connection authorized: user=postgres database=ecommerce_prod application_name=pg_isready
2025-07-28 02:04:25 GMT [416]: [3-1] user=postgres,db=ecommerce_prod,app=pg_isready,client=[local] LOG:  disconnection: session time: 0:00:00.057 user=postgres database=ecommerce_prod host=[local]
2025-07-28 02:04:55 GMT [425]: [1-1] user=[unknown],db=[unknown],app=[unknown],client=[local] LOG:  connection received: host=[local]
2025-07-28 02:04:55 GMT [425]: [2-1] user=postgres,db=ecommerce_prod,app=[unknown],client=[local] LOG:  connection authorized: user=postgres database=ecommerce_prod application_name=pg_isready
2025-07-28 02:04:55 GMT [425]: [3-1] user=postgres,db=ecommerce_prod,app=pg_isready,client=[local] LOG:  disconnection: session time: 0:00:00.037 user=postgres database=ecommerce_prod host=[local]
2025-07-28 02:05:26 GMT [434]: [1-1] user=[unknown],db=[unknown],app=[unknown],client=[local] LOG:  connection received: host=[local]
2025-07-28 02:05:26 GMT [434]: [2-1] user=postgres,db=ecommerce_prod,app=[unknown],client=[local] LOG:  connection authorized: user=postgres database=ecommerce_prod application_name=pg_isready
2025-07-28 02:05:26 GMT [434]: [3-1] user=postgres,db=ecommerce_prod,app=pg_isready,client=[local] LOG:  disconnection: session time: 0:00:00.053 user=postgres database=ecommerce_prod host=[local]
2025-07-28 02:05:56 GMT [443]: [1-1] user=[unknown],db=[unknown],app=[unknown],client=[local] LOG:  connection received: host=[local]
2025-07-28 02:05:56 GMT [443]: [2-1] user=postgres,db=ecommerce_prod,app=[unknown],client=[local] LOG:  connection authorized: user=postgres database=ecommerce_prod application_name=pg_isready
2025-07-28 02:05:56 GMT [443]: [3-1] user=postgres,db=ecommerce_prod,app=pg_isready,client=[local] LOG:  disconnection: session time: 0:00:00.061 user=postgres database=ecommerce_prod host=[local]
2025-07-28 02:06:26 GMT [451]: [1-1] user=[unknown],db=[unknown],app=[unknown],client=[local] LOG:  connection received: host=[local]
2025-07-28 02:06:26 GMT [451]: [2-1] user=postgres,db=ecommerce_prod,app=[unknown],client=[local] LOG:  connection authorized: user=postgres database=ecommerce_prod application_name=pg_isready
2025-07-28 02:06:26 GMT [451]: [3-1] user=postgres,db=ecommerce_prod,app=pg_isready,client=[local] LOG:  disconnection: session time: 0:00:00.041 user=postgres database=ecommerce_prod host=[local]
2025-07-28 02:06:56 GMT [460]: [1-1] user=[unknown],db=[unknown],app=[unknown],client=[local] LOG:  connection received: host=[local]
2025-07-28 02:06:56 GMT [460]: [2-1] user=postgres,db=ecommerce_prod,app=[unknown],client=[local] LOG:  connection authorized: user=postgres database=ecommerce_prod application_name=pg_isready
2025-07-28 02:06:56 GMT [460]: [3-1] user=postgres,db=ecommerce_prod,app=pg_isready,client=[local] LOG:  disconnection: session time: 0:00:00.049 user=postgres database=ecommerce_prod host=[local]
2025-07-28 02:07:26 GMT [468]: [1-1] user=[unknown],db=[unknown],app=[unknown],client=[local] LOG:  connection received: host=[local]
2025-07-28 02:07:26 GMT [468]: [2-1] user=postgres,db=ecommerce_prod,app=[unknown],client=[local] LOG:  connection authorized: user=postgres database=ecommerce_prod application_name=pg_isready
2025-07-28 02:07:26 GMT [468]: [3-1] user=postgres,db=ecommerce_prod,app=pg_isready,client=[local] LOG:  disconnection: session time: 0:00:00.044 user=postgres database=ecommerce_prod host=[local]
2025-07-28 02:07:56 GMT [477]: [1-1] user=[unknown],db=[unknown],app=[unknown],client=[local] LOG:  connection received: host=[local]
2025-07-28 02:07:56 GMT [477]: [2-1] user=postgres,db=ecommerce_prod,app=[unknown],client=[local] LOG:  connection authorized: user=postgres database=ecommerce_prod application_name=pg_isready
2025-07-28 02:07:56 GMT [477]: [3-1] user=postgres,db=ecommerce_prod,app=pg_isready,client=[local] LOG:  disconnection: session time: 0:00:00.038 user=postgres database=ecommerce_prod host=[local]
2025-07-28 02:08:26 GMT [485]: [1-1] user=[unknown],db=[unknown],app=[unknown],client=[local] LOG:  connection received: host=[local]
2025-07-28 02:08:26 GMT [485]: [2-1] user=postgres,db=ecommerce_prod,app=[unknown],client=[local] LOG:  connection authorized: user=postgres database=ecommerce_prod application_name=pg_isready
2025-07-28 02:08:26 GMT [485]: [3-1] user=postgres,db=ecommerce_prod,app=pg_isready,client=[local] LOG:  disconnection: session time: 0:00:00.043 user=postgres database=ecommerce_prod host=[local]
2025-07-28 02:08:56 GMT [494]: [1-1] user=[unknown],db=[unknown],app=[unknown],client=[local] LOG:  connection received: host=[local]
2025-07-28 02:08:56 GMT [494]: [2-1] user=postgres,db=ecommerce_prod,app=[unknown],client=[local] LOG:  connection authorized: user=postgres database=ecommerce_prod application_name=pg_isready
2025-07-28 02:08:56 GMT [494]: [3-1] user=postgres,db=ecommerce_prod,app=pg_isready,client=[local] LOG:  disconnection: session time: 0:00:00.042 user=postgres database=ecommerce_prod host=[local]
2025-07-28 02:09:26 GMT [502]: [1-1] user=[unknown],db=[unknown],app=[unknown],client=[local] LOG:  connection received: host=[local]
2025-07-28 02:09:26 GMT [502]: [2-1] user=postgres,db=ecommerce_prod,app=[unknown],client=[local] LOG:  connection authorized: user=postgres database=ecommerce_prod application_name=pg_isready
2025-07-28 02:09:26 GMT [502]: [3-1] user=postgres,db=ecommerce_prod,app=pg_isready,client=[local] LOG:  disconnection: session time: 0:00:00.045 user=postgres database=ecommerce_prod host=[local]
2025-07-28 02:09:57 GMT [511]: [1-1] user=[unknown],db=[unknown],app=[unknown],client=[local] LOG:  connection received: host=[local]
2025-07-28 02:09:57 GMT [511]: [2-1] user=postgres,db=ecommerce_prod,app=[unknown],client=[local] LOG:  connection authorized: user=postgres database=ecommerce_prod application_name=pg_isready
2025-07-28 02:09:57 GMT [511]: [3-1] user=postgres,db=ecommerce_prod,app=pg_isready,client=[local] LOG:  disconnection: session time: 0:00:00.051 user=postgres database=ecommerce_prod host=[local]
2025-07-28 02:10:27 GMT [519]: [1-1] user=[unknown],db=[unknown],app=[unknown],client=[local] LOG:  connection received: host=[local]
2025-07-28 02:10:27 GMT [519]: [2-1] user=postgres,db=ecommerce_prod,app=[unknown],client=[local] LOG:  connection authorized: user=postgres database=ecommerce_prod application_name=pg_isready
2025-07-28 02:10:27 GMT [519]: [3-1] user=postgres,db=ecommerce_prod,app=pg_isready,client=[local] LOG:  disconnection: session time: 0:00:00.045 user=postgres database=ecommerce_prod host=[local]
2025-07-28 02:10:57 GMT [528]: [1-1] user=[unknown],db=[unknown],app=[unknown],client=[local] LOG:  connection received: host=[local]
2025-07-28 02:10:57 GMT [528]: [2-1] user=postgres,db=ecommerce_prod,app=[unknown],client=[local] LOG:  connection authorized: user=postgres database=ecommerce_prod application_name=pg_isready
2025-07-28 02:10:57 GMT [528]: [3-1] user=postgres,db=ecommerce_prod,app=pg_isready,client=[local] LOG:  disconnection: session time: 0:00:00.088 user=postgres database=ecommerce_prod host=[local]
2025-07-28 02:11:27 GMT [536]: [1-1] user=[unknown],db=[unknown],app=[unknown],client=[local] LOG:  connection received: host=[local]
2025-07-28 02:11:27 GMT [536]: [2-1] user=postgres,db=ecommerce_prod,app=[unknown],client=[local] LOG:  connection authorized: user=postgres database=ecommerce_prod application_name=pg_isready
2025-07-28 02:11:27 GMT [536]: [3-1] user=postgres,db=ecommerce_prod,app=pg_isready,client=[local] LOG:  disconnection: session time: 0:00:00.051 user=postgres database=ecommerce_prod host=[local]
2025-07-28 02:11:57 GMT [545]: [1-1] user=[unknown],db=[unknown],app=[unknown],client=[local] LOG:  connection received: host=[local]
2025-07-28 02:11:57 GMT [545]: [2-1] user=postgres,db=ecommerce_prod,app=[unknown],client=[local] LOG:  connection authorized: user=postgres database=ecommerce_prod application_name=pg_isready
2025-07-28 02:11:57 GMT [545]: [3-1] user=postgres,db=ecommerce_prod,app=pg_isready,client=[local] LOG:  disconnection: session time: 0:00:00.056 user=postgres database=ecommerce_prod host=[local]
2025-07-28 02:12:27 GMT [554]: [1-1] user=[unknown],db=[unknown],app=[unknown],client=[local] LOG:  connection received: host=[local]
2025-07-28 02:12:27 GMT [554]: [2-1] user=postgres,db=ecommerce_prod,app=[unknown],client=[local] LOG:  connection authorized: user=postgres database=ecommerce_prod application_name=pg_isready
2025-07-28 02:12:27 GMT [554]: [3-1] user=postgres,db=ecommerce_prod,app=pg_isready,client=[local] LOG:  disconnection: session time: 0:00:00.044 user=postgres database=ecommerce_prod host=[local]
2025-07-28 02:12:57 GMT [563]: [1-1] user=[unknown],db=[unknown],app=[unknown],client=[local] LOG:  connection received: host=[local]
2025-07-28 02:12:57 GMT [563]: [2-1] user=postgres,db=ecommerce_prod,app=[unknown],client=[local] LOG:  connection authorized: user=postgres database=ecommerce_prod application_name=pg_isready
2025-07-28 02:12:57 GMT [563]: [3-1] user=postgres,db=ecommerce_prod,app=pg_isready,client=[local] LOG:  disconnection: session time: 0:00:00.052 user=postgres database=ecommerce_prod host=[local]
2025-07-28 02:13:28 GMT [571]: [1-1] user=[unknown],db=[unknown],app=[unknown],client=[local] LOG:  connection received: host=[local]
2025-07-28 02:13:28 GMT [571]: [2-1] user=postgres,db=ecommerce_prod,app=[unknown],client=[local] LOG:  connection authorized: user=postgres database=ecommerce_prod application_name=pg_isready
2025-07-28 02:13:28 GMT [571]: [3-1] user=postgres,db=ecommerce_prod,app=pg_isready,client=[local] LOG:  disconnection: session time: 0:00:00.040 user=postgres database=ecommerce_prod host=[local]
2025-07-28 02:13:58 GMT [580]: [1-1] user=[unknown],db=[unknown],app=[unknown],client=[local] LOG:  connection received: host=[local]
2025-07-28 02:13:58 GMT [580]: [2-1] user=postgres,db=ecommerce_prod,app=[unknown],client=[local] LOG:  connection authorized: user=postgres database=ecommerce_prod application_name=pg_isready
2025-07-28 02:13:58 GMT [580]: [3-1] user=postgres,db=ecommerce_prod,app=pg_isready,client=[local] LOG:  disconnection: session time: 0:00:00.042 user=postgres database=ecommerce_prod host=[local]
2025-07-28 02:14:28 GMT [589]: [1-1] user=[unknown],db=[unknown],app=[unknown],client=[local] LOG:  connection received: host=[local]
2025-07-28 02:14:28 GMT [589]: [2-1] user=postgres,db=ecommerce_prod,app=[unknown],client=[local] LOG:  connection authorized: user=postgres database=ecommerce_prod application_name=pg_isready
2025-07-28 02:14:28 GMT [589]: [3-1] user=postgres,db=ecommerce_prod,app=pg_isready,client=[local] LOG:  disconnection: session time: 0:00:00.040 user=postgres database=ecommerce_prod host=[local]
2025-07-28 02:14:31 GMT [127]: [4-1] user=postgres,db=ecommerce_prod,app=[unknown],client=172.20.0.3 LOG:  disconnection: session time: 0:26:26.842 user=postgres database=ecommerce_prod host=172.20.0.3 port=53880
2025-07-28 02:14:31 GMT [108]: [4-1] user=postgres,db=ecommerce_prod,app=[unknown],client=172.20.0.3 LOG:  disconnection: session time: 0:27:39.357 user=postgres database=ecommerce_prod host=172.20.0.3 port=37072
2025-07-28 02:14:31 GMT [1]: [8-1] user=,db=,app=,client= LOG:  received fast shutdown request
2025-07-28 02:14:31 GMT [1]: [9-1] user=,db=,app=,client= LOG:  aborting any active transactions
2025-07-28 02:14:31 GMT [1]: [10-1] user=,db=,app=,client= LOG:  background worker "logical replication launcher" (PID 100) exited with exit code 1
2025-07-28 02:14:31 GMT [95]: [3-1] user=,db=,app=,client= LOG:  shutting down
2025-07-28 02:14:31 GMT [95]: [4-1] user=,db=,app=,client= LOG:  checkpoint starting: shutdown immediate
2025-07-28 02:14:32 GMT [95]: [5-1] user=,db=,app=,client= LOG:  checkpoint complete: wrote 0 buffers (0.0%); 0 WAL file(s) added, 0 removed, 0 recycled; write=0.014 s, sync=0.001 s, total=0.100 s; sync files=0, longest=0.000 s, average=0.000 s; distance=0 kB, estimate=592 kB; lsn=0/19C33B8, redo lsn=0/19C33B8
2025-07-28 02:14:32 GMT [1]: [11-1] user=,db=,app=,client= LOG:  database system is shut down
